src/main.ts(162,9): error TS6133: 'displayW' is declared but its value is never read.
